Analysis & Synthesis report for calculator
Wed Dec 11 22:30:04 2019
Quartus Prime Version 18.1.0 Build 625 09/12/2018 SJ Lite Edition


---------------------
; Table of Contents ;
---------------------
  1. Legal Notice
  2. Analysis & Synthesis Summary
  3. Analysis & Synthesis Settings
  4. Parallel Compilation
  5. Analysis & Synthesis Source Files Read
  6. Analysis & Synthesis Resource Usage Summary
  7. Analysis & Synthesis Resource Utilization by Entity
  8. State Machine - |calculator|Control_calc:Mc|state
  9. User-Specified and Inferred Latches
 10. Registers Removed During Synthesis
 11. General Register Statistics
 12. Multiplexer Restructuring Statistics (Restructuring Performed)
 13. Parameter Settings for User Entity Instance: Control_calc:Mc
 14. Post-Synthesis Netlist Statistics for Top Partition
 15. Elapsed Time Per Partition
 16. Analysis & Synthesis Messages



----------------
; Legal Notice ;
----------------
Copyright (C) 2018  Intel Corporation. All rights reserved.
Your use of Intel Corporation's design tools, logic functions 
and other software and tools, and its AMPP partner logic 
functions, and any output files from any of the foregoing 
(including device programming or simulation files), and any 
associated documentation or information are expressly subject 
to the terms and conditions of the Intel Program License 
Subscription Agreement, the Intel Quartus Prime License Agreement,
the Intel FPGA IP License Agreement, or other applicable license
agreement, including, without limitation, that your use is for
the sole purpose of programming logic devices manufactured by
Intel and sold by Intel or its authorized distributors.  Please
refer to the applicable agreement for further details.



+----------------------------------------------------------------------------------+
; Analysis & Synthesis Summary                                                     ;
+------------------------------------+---------------------------------------------+
; Analysis & Synthesis Status        ; Successful - Wed Dec 11 22:30:03 2019       ;
; Quartus Prime Version              ; 18.1.0 Build 625 09/12/2018 SJ Lite Edition ;
; Revision Name                      ; calculator                                  ;
; Top-level Entity Name              ; calculator                                  ;
; Family                             ; Cyclone IV E                                ;
; Total logic elements               ; 74                                          ;
;     Total combinational functions  ; 72                                          ;
;     Dedicated logic registers      ; 44                                          ;
; Total registers                    ; 44                                          ;
; Total pins                         ; 45                                          ;
; Total virtual pins                 ; 0                                           ;
; Total memory bits                  ; 0                                           ;
; Embedded Multiplier 9-bit elements ; 0                                           ;
; Total PLLs                         ; 0                                           ;
+------------------------------------+---------------------------------------------+


+------------------------------------------------------------------------------------------------------------+
; Analysis & Synthesis Settings                                                                              ;
+------------------------------------------------------------------+--------------------+--------------------+
; Option                                                           ; Setting            ; Default Value      ;
+------------------------------------------------------------------+--------------------+--------------------+
; Device                                                           ; EP4CE115F29C7      ;                    ;
; Top-level entity name                                            ; calculator         ; calculator         ;
; Family name                                                      ; Cyclone IV E       ; Cyclone V          ;
; Use smart compilation                                            ; Off                ; Off                ;
; Enable parallel Assembler and Timing Analyzer during compilation ; On                 ; On                 ;
; Enable compact report table                                      ; Off                ; Off                ;
; Restructure Multiplexers                                         ; Auto               ; Auto               ;
; Create Debugging Nodes for IP Cores                              ; Off                ; Off                ;
; Preserve fewer node names                                        ; On                 ; On                 ;
; Intel FPGA IP Evaluation Mode                                    ; Enable             ; Enable             ;
; Verilog Version                                                  ; Verilog_2001       ; Verilog_2001       ;
; VHDL Version                                                     ; VHDL_1993          ; VHDL_1993          ;
; State Machine Processing                                         ; Auto               ; Auto               ;
; Safe State Machine                                               ; Off                ; Off                ;
; Extract Verilog State Machines                                   ; On                 ; On                 ;
; Extract VHDL State Machines                                      ; On                 ; On                 ;
; Ignore Verilog initial constructs                                ; Off                ; Off                ;
; Iteration limit for constant Verilog loops                       ; 5000               ; 5000               ;
; Iteration limit for non-constant Verilog loops                   ; 250                ; 250                ;
; Add Pass-Through Logic to Inferred RAMs                          ; On                 ; On                 ;
; Infer RAMs from Raw Logic                                        ; On                 ; On                 ;
; Parallel Synthesis                                               ; On                 ; On                 ;
; DSP Block Balancing                                              ; Auto               ; Auto               ;
; NOT Gate Push-Back                                               ; On                 ; On                 ;
; Power-Up Don't Care                                              ; On                 ; On                 ;
; Remove Redundant Logic Cells                                     ; Off                ; Off                ;
; Remove Duplicate Registers                                       ; On                 ; On                 ;
; Ignore CARRY Buffers                                             ; Off                ; Off                ;
; Ignore CASCADE Buffers                                           ; Off                ; Off                ;
; Ignore GLOBAL Buffers                                            ; Off                ; Off                ;
; Ignore ROW GLOBAL Buffers                                        ; Off                ; Off                ;
; Ignore LCELL Buffers                                             ; Off                ; Off                ;
; Ignore SOFT Buffers                                              ; On                 ; On                 ;
; Limit AHDL Integers to 32 Bits                                   ; Off                ; Off                ;
; Optimization Technique                                           ; Balanced           ; Balanced           ;
; Carry Chain Length                                               ; 70                 ; 70                 ;
; Auto Carry Chains                                                ; On                 ; On                 ;
; Auto Open-Drain Pins                                             ; On                 ; On                 ;
; Perform WYSIWYG Primitive Resynthesis                            ; Off                ; Off                ;
; Auto ROM Replacement                                             ; On                 ; On                 ;
; Auto RAM Replacement                                             ; On                 ; On                 ;
; Auto DSP Block Replacement                                       ; On                 ; On                 ;
; Auto Shift Register Replacement                                  ; Auto               ; Auto               ;
; Allow Shift Register Merging across Hierarchies                  ; Auto               ; Auto               ;
; Auto Clock Enable Replacement                                    ; On                 ; On                 ;
; Strict RAM Replacement                                           ; Off                ; Off                ;
; Allow Synchronous Control Signals                                ; On                 ; On                 ;
; Force Use of Synchronous Clear Signals                           ; Off                ; Off                ;
; Auto RAM Block Balancing                                         ; On                 ; On                 ;
; Auto RAM to Logic Cell Conversion                                ; Off                ; Off                ;
; Auto Resource Sharing                                            ; Off                ; Off                ;
; Allow Any RAM Size For Recognition                               ; Off                ; Off                ;
; Allow Any ROM Size For Recognition                               ; Off                ; Off                ;
; Allow Any Shift Register Size For Recognition                    ; Off                ; Off                ;
; Use LogicLock Constraints during Resource Balancing              ; On                 ; On                 ;
; Ignore translate_off and synthesis_off directives                ; Off                ; Off                ;
; Timing-Driven Synthesis                                          ; On                 ; On                 ;
; Report Parameter Settings                                        ; On                 ; On                 ;
; Report Source Assignments                                        ; On                 ; On                 ;
; Report Connectivity Checks                                       ; On                 ; On                 ;
; Ignore Maximum Fan-Out Assignments                               ; Off                ; Off                ;
; Synchronization Register Chain Length                            ; 2                  ; 2                  ;
; Power Optimization During Synthesis                              ; Normal compilation ; Normal compilation ;
; HDL message level                                                ; Level2             ; Level2             ;
; Suppress Register Optimization Related Messages                  ; Off                ; Off                ;
; Number of Removed Registers Reported in Synthesis Report         ; 5000               ; 5000               ;
; Number of Swept Nodes Reported in Synthesis Report               ; 5000               ; 5000               ;
; Number of Inverted Registers Reported in Synthesis Report        ; 100                ; 100                ;
; Clock MUX Protection                                             ; On                 ; On                 ;
; Auto Gated Clock Conversion                                      ; Off                ; Off                ;
; Block Design Naming                                              ; Auto               ; Auto               ;
; SDC constraint protection                                        ; Off                ; Off                ;
; Synthesis Effort                                                 ; Auto               ; Auto               ;
; Shift Register Replacement - Allow Asynchronous Clear Signal     ; On                 ; On                 ;
; Pre-Mapping Resynthesis Optimization                             ; Off                ; Off                ;
; Analysis & Synthesis Message Level                               ; Medium             ; Medium             ;
; Disable Register Merging Across Hierarchies                      ; Auto               ; Auto               ;
; Resource Aware Inference For Block RAM                           ; On                 ; On                 ;
+------------------------------------------------------------------+--------------------+--------------------+


+------------------------------------------+
; Parallel Compilation                     ;
+----------------------------+-------------+
; Processors                 ; Number      ;
+----------------------------+-------------+
; Number detected on machine ; 12          ;
; Maximum allowed            ; 6           ;
;                            ;             ;
; Average used               ; 1.00        ;
; Maximum used               ; 6           ;
;                            ;             ;
; Usage by Processor         ; % Time Used ;
;     Processor 1            ; 100.0%      ;
;     Processors 2-6         ;   0.0%      ;
+----------------------------+-------------+


+-----------------------------------------------------------------------------------------------------------------------------------------------------+
; Analysis & Synthesis Source Files Read                                                                                                              ;
+----------------------------------+-----------------+------------------------+-------------------------------------------------------------+---------+
; File Name with User-Entered Path ; Used in Netlist ; File Type              ; File Name with Absolute Path                                ; Library ;
+----------------------------------+-----------------+------------------------+-------------------------------------------------------------+---------+
; calculator.v                     ; yes             ; User Verilog HDL File  ; C:/Users/msi/Desktop/digital_system/calculator/calculator.v ;         ;
+----------------------------------+-----------------+------------------------+-------------------------------------------------------------+---------+


+--------------------------------------------------------------+
; Analysis & Synthesis Resource Usage Summary                  ;
+---------------------------------------------+----------------+
; Resource                                    ; Usage          ;
+---------------------------------------------+----------------+
; Estimated Total logic elements              ; 74             ;
;                                             ;                ;
; Total combinational functions               ; 72             ;
; Logic element usage by number of LUT inputs ;                ;
;     -- 4 input functions                    ; 20             ;
;     -- 3 input functions                    ; 17             ;
;     -- <=2 input functions                  ; 35             ;
;                                             ;                ;
; Logic elements by mode                      ;                ;
;     -- normal mode                          ; 43             ;
;     -- arithmetic mode                      ; 29             ;
;                                             ;                ;
; Total registers                             ; 44             ;
;     -- Dedicated logic registers            ; 44             ;
;     -- I/O registers                        ; 0              ;
;                                             ;                ;
; I/O pins                                    ; 45             ;
;                                             ;                ;
; Embedded Multiplier 9-bit elements          ; 0              ;
;                                             ;                ;
; Maximum fan-out node                        ; CLOCK_50~input ;
; Maximum fan-out                             ; 26             ;
; Total fan-out                               ; 352            ;
; Average fan-out                             ; 1.71           ;
+---------------------------------------------+----------------+


+---------------------------------------------------------------------------------------------------------------------------------------------------------------------------------------------------------------------+
; Analysis & Synthesis Resource Utilization by Entity                                                                                                                                                                 ;
+----------------------------+---------------------+---------------------------+-------------+--------------+---------+-----------+------+--------------+------------------------------+---------------+--------------+
; Compilation Hierarchy Node ; Combinational ALUTs ; Dedicated Logic Registers ; Memory Bits ; DSP Elements ; DSP 9x9 ; DSP 18x18 ; Pins ; Virtual Pins ; Full Hierarchy Name          ; Entity Name   ; Library Name ;
+----------------------------+---------------------+---------------------------+-------------+--------------+---------+-----------+------+--------------+------------------------------+---------------+--------------+
; |calculator                ; 72 (26)             ; 44 (26)                   ; 0           ; 0            ; 0       ; 0         ; 45   ; 0            ; |calculator                  ; calculator    ; work         ;
;    |Control_calc:Mc|       ; 17 (17)             ; 9 (9)                     ; 0           ; 0            ; 0       ; 0         ; 0    ; 0            ; |calculator|Control_calc:Mc  ; Control_calc  ; work         ;
;    |Datapath_calc:Md|      ; 29 (29)             ; 9 (9)                     ; 0           ; 0            ; 0       ; 0         ; 0    ; 0            ; |calculator|Datapath_calc:Md ; Datapath_calc ; work         ;
+----------------------------+---------------------+---------------------------+-------------+--------------+---------+-----------+------+--------------+------------------------------+---------------+--------------+
Note: For table entries with two numbers listed, the numbers in parentheses indicate the number of resources of the given type used by the specific entity alone. The numbers listed outside of parentheses indicate the total resources of the given type used by the specific entity and all of its sub-entities in the hierarchy.


Encoding Type:  One-Hot
+-----------------------------------------------------------------------------------------------+
; State Machine - |calculator|Control_calc:Mc|state                                             ;
+-----------+-----------+-----------+-----------+-----------+-----------+-----------+-----------+
; Name      ; state.S_6 ; state.S_5 ; state.S_4 ; state.S_3 ; state.S_2 ; state.S_1 ; state.S_0 ;
+-----------+-----------+-----------+-----------+-----------+-----------+-----------+-----------+
; state.S_0 ; 0         ; 0         ; 0         ; 0         ; 0         ; 0         ; 0         ;
; state.S_1 ; 0         ; 0         ; 0         ; 0         ; 0         ; 1         ; 1         ;
; state.S_2 ; 0         ; 0         ; 0         ; 0         ; 1         ; 0         ; 1         ;
; state.S_3 ; 0         ; 0         ; 0         ; 1         ; 0         ; 0         ; 1         ;
; state.S_4 ; 0         ; 0         ; 1         ; 0         ; 0         ; 0         ; 1         ;
; state.S_5 ; 0         ; 1         ; 0         ; 0         ; 0         ; 0         ; 1         ;
; state.S_6 ; 1         ; 0         ; 0         ; 0         ; 0         ; 0         ; 1         ;
+-----------+-----------+-----------+-----------+-----------+-----------+-----------+-----------+


+-------------------------------------------------------------------------------------------------------+
; User-Specified and Inferred Latches                                                                   ;
+----------------------------------------------------+-------------------------+------------------------+
; Latch Name                                         ; Latch Enable Signal     ; Free of Timing Hazards ;
+----------------------------------------------------+-------------------------+------------------------+
; Control_calc:Mc|ALUsel                             ; Control_calc:Mc|WideOr3 ; yes                    ;
; Number of user-specified and inferred latches = 1  ;                         ;                        ;
+----------------------------------------------------+-------------------------+------------------------+
Note: All latches listed above may not be present at the end of synthesis due to various synthesis optimizations.


+------------------------------------------------------------+
; Registers Removed During Synthesis                         ;
+---------------------------------------+--------------------+
; Register name                         ; Reason for Removal ;
+---------------------------------------+--------------------+
; Control_calc:Mc|state~4               ; Lost fanout        ;
; Control_calc:Mc|state~5               ; Lost fanout        ;
; Control_calc:Mc|state~6               ; Lost fanout        ;
; Total Number of Removed Registers = 3 ;                    ;
+---------------------------------------+--------------------+


+------------------------------------------------------+
; General Register Statistics                          ;
+----------------------------------------------+-------+
; Statistic                                    ; Value ;
+----------------------------------------------+-------+
; Total registers                              ; 44    ;
; Number of registers using Synchronous Clear  ; 0     ;
; Number of registers using Synchronous Load   ; 0     ;
; Number of registers using Asynchronous Clear ; 7     ;
; Number of registers using Asynchronous Load  ; 0     ;
; Number of registers using Clock Enable       ; 5     ;
; Number of registers using Preset             ; 0     ;
+----------------------------------------------+-------+


+-------------------------------------------------------------------------------------------------------------------------------------------------+
; Multiplexer Restructuring Statistics (Restructuring Performed)                                                                                  ;
+--------------------+-----------+---------------+----------------------+------------------------+------------+-----------------------------------+
; Multiplexer Inputs ; Bus Width ; Baseline Area ; Area if Restructured ; Saving if Restructured ; Registered ; Example Multiplexer Output        ;
+--------------------+-----------+---------------+----------------------+------------------------+------------+-----------------------------------+
; 3:1                ; 3 bits    ; 6 LEs         ; 3 LEs                ; 3 LEs                  ; Yes        ; |calculator|Datapath_calc:Md|B[0] ;
; 4:1                ; 3 bits    ; 6 LEs         ; 6 LEs                ; 0 LEs                  ; Yes        ; |calculator|Datapath_calc:Md|A[1] ;
+--------------------+-----------+---------------+----------------------+------------------------+------------+-----------------------------------+


+--------------------------------------------------------------+
; Parameter Settings for User Entity Instance: Control_calc:Mc ;
+----------------+-------+-------------------------------------+
; Parameter Name ; Value ; Type                                ;
+----------------+-------+-------------------------------------+
; S_0            ; 000   ; Unsigned Binary                     ;
; S_1            ; 001   ; Unsigned Binary                     ;
; S_2            ; 010   ; Unsigned Binary                     ;
; S_3            ; 011   ; Unsigned Binary                     ;
; S_4            ; 100   ; Unsigned Binary                     ;
; S_5            ; 101   ; Unsigned Binary                     ;
; S_6            ; 110   ; Unsigned Binary                     ;
+----------------+-------+-------------------------------------+
Note: In order to hide this table in the UI and the text report file, please set the "Show Parameter Settings in Synthesis Report" option in "Analysis and Synthesis Settings -> More Settings" to "Off".


+-----------------------------------------------------+
; Post-Synthesis Netlist Statistics for Top Partition ;
+-----------------------+-----------------------------+
; Type                  ; Count                       ;
+-----------------------+-----------------------------+
; boundary_port         ; 45                          ;
; cycloneiii_ff         ; 44                          ;
;     CLR               ; 7                           ;
;     ENA               ; 5                           ;
;     plain             ; 32                          ;
; cycloneiii_lcell_comb ; 73                          ;
;     arith             ; 29                          ;
;         2 data inputs ; 24                          ;
;         3 data inputs ; 5                           ;
;     normal            ; 44                          ;
;         0 data inputs ; 1                           ;
;         1 data inputs ; 3                           ;
;         2 data inputs ; 8                           ;
;         3 data inputs ; 12                          ;
;         4 data inputs ; 20                          ;
;                       ;                             ;
; Max LUT depth         ; 4.20                        ;
; Average LUT depth     ; 2.59                        ;
+-----------------------+-----------------------------+


+-------------------------------+
; Elapsed Time Per Partition    ;
+----------------+--------------+
; Partition Name ; Elapsed Time ;
+----------------+--------------+
; Top            ; 00:00:01     ;
+----------------+--------------+


+-------------------------------+
; Analysis & Synthesis Messages ;
+-------------------------------+
Info: *******************************************************************
Info: Running Quartus Prime Analysis & Synthesis
    Info: Version 18.1.0 Build 625 09/12/2018 SJ Lite Edition
    Info: Processing started: Wed Dec 11 22:29:42 2019
Info: Command: quartus_map --read_settings_files=on --write_settings_files=off calculator -c calculator
Warning (18236): Number of processors has not been specified which may cause overloading on shared machines.  Set the global assignment NUM_PARALLEL_PROCESSORS in your QSF to an appropriate value for best performance.
Info (20030): Parallel compilation is enabled and will use 6 of the 6 processors detected
Info (12021): Found 3 design units, including 3 entities, in source file calculator.v
    Info (12023): Found entity 1: calculator File: C:/Users/msi/Desktop/digital_system/calculator/calculator.v Line: 3
    Info (12023): Found entity 2: Control_calc File: C:/Users/msi/Desktop/digital_system/calculator/calculator.v Line: 43
    Info (12023): Found entity 3: Datapath_calc File: C:/Users/msi/Desktop/digital_system/calculator/calculator.v Line: 115
Info (12021): Found 2 design units, including 2 entities, in source file verilog1.v
    Info (12023): Found entity 1: part3 File: C:/Users/msi/Desktop/digital_system/calculator/Verilog1.v Line: 1
    Info (12023): Found entity 2: hex7seg File: C:/Users/msi/Desktop/digital_system/calculator/Verilog1.v Line: 41
Warning (10236): Verilog HDL Implicit Net warning at calculator.v(38): created implicit net for "AselSA" File: C:/Users/msi/Desktop/digital_system/calculator/calculator.v Line: 38
Info (12127): Elaborating entity "calculator" for the top level hierarchy
Warning (10230): Verilog HDL assignment warning at calculator.v(35): truncated value with size 32 to match size of target (26) File: C:/Users/msi/Desktop/digital_system/calculator/calculator.v Line: 35
Info (12128): Elaborating entity "Control_calc" for hierarchy "Control_calc:Mc" File: C:/Users/msi/Desktop/digital_system/calculator/calculator.v Line: 38
Warning (10270): Verilog HDL Case Statement warning at calculator.v(99): incomplete case statement has no default case item File: C:/Users/msi/Desktop/digital_system/calculator/calculator.v Line: 99
Info (10264): Verilog HDL Case Statement information at calculator.v(99): all case item expressions in this case statement are onehot File: C:/Users/msi/Desktop/digital_system/calculator/calculator.v Line: 99
Warning (10240): Verilog HDL Always Construct warning at calculator.v(88): inferring latch(es) for variable "ld_IR", which holds its previous value in one or more paths through the always construct File: C:/Users/msi/Desktop/digital_system/calculator/calculator.v Line: 88
Warning (10240): Verilog HDL Always Construct warning at calculator.v(88): inferring latch(es) for variable "ALUsel", which holds its previous value in one or more paths through the always construct File: C:/Users/msi/Desktop/digital_system/calculator/calculator.v Line: 88
Info (10041): Inferred latch for "ALUsel" at calculator.v(88) File: C:/Users/msi/Desktop/digital_system/calculator/calculator.v Line: 88
Info (10041): Inferred latch for "ld_IR" at calculator.v(88) File: C:/Users/msi/Desktop/digital_system/calculator/calculator.v Line: 88
Info (12128): Elaborating entity "Datapath_calc" for hierarchy "Datapath_calc:Md" File: C:/Users/msi/Desktop/digital_system/calculator/calculator.v Line: 39
Warning (13012): Latch Control_calc:Mc|ALUsel has unsafe behavior File: C:/Users/msi/Desktop/digital_system/calculator/calculator.v Line: 46
    Warning (13013): Ports D and ENA on the latch are fed by the same signal Control_calc:Mc|state.S_3 File: C:/Users/msi/Desktop/digital_system/calculator/calculator.v Line: 52
Warning (13024): Output pins are stuck at VCC or GND
    Warning (13410): Pin "LEDG[0]" is stuck at GND File: C:/Users/msi/Desktop/digital_system/calculator/calculator.v Line: 11
    Warning (13410): Pin "LEDG[1]" is stuck at GND File: C:/Users/msi/Desktop/digital_system/calculator/calculator.v Line: 11
    Warning (13410): Pin "LEDG[2]" is stuck at GND File: C:/Users/msi/Desktop/digital_system/calculator/calculator.v Line: 11
    Warning (13410): Pin "LEDG[3]" is stuck at GND File: C:/Users/msi/Desktop/digital_system/calculator/calculator.v Line: 11
    Warning (13410): Pin "LEDG[4]" is stuck at GND File: C:/Users/msi/Desktop/digital_system/calculator/calculator.v Line: 11
    Warning (13410): Pin "LEDG[5]" is stuck at GND File: C:/Users/msi/Desktop/digital_system/calculator/calculator.v Line: 11
    Warning (13410): Pin "LEDG[6]" is stuck at GND File: C:/Users/msi/Desktop/digital_system/calculator/calculator.v Line: 11
    Warning (13410): Pin "LEDR[0]" is stuck at GND File: C:/Users/msi/Desktop/digital_system/calculator/calculator.v Line: 10
    Warning (13410): Pin "LEDR[1]" is stuck at GND File: C:/Users/msi/Desktop/digital_system/calculator/calculator.v Line: 10
    Warning (13410): Pin "LEDR[2]" is stuck at GND File: C:/Users/msi/Desktop/digital_system/calculator/calculator.v Line: 10
    Warning (13410): Pin "LEDR[3]" is stuck at GND File: C:/Users/msi/Desktop/digital_system/calculator/calculator.v Line: 10
    Warning (13410): Pin "LEDR[4]" is stuck at GND File: C:/Users/msi/Desktop/digital_system/calculator/calculator.v Line: 10
    Warning (13410): Pin "LEDR[5]" is stuck at GND File: C:/Users/msi/Desktop/digital_system/calculator/calculator.v Line: 10
    Warning (13410): Pin "LEDR[6]" is stuck at GND File: C:/Users/msi/Desktop/digital_system/calculator/calculator.v Line: 10
    Warning (13410): Pin "LEDR[7]" is stuck at GND File: C:/Users/msi/Desktop/digital_system/calculator/calculator.v Line: 10
    Warning (13410): Pin "LEDR[8]" is stuck at GND File: C:/Users/msi/Desktop/digital_system/calculator/calculator.v Line: 10
    Warning (13410): Pin "LEDR[9]" is stuck at GND File: C:/Users/msi/Desktop/digital_system/calculator/calculator.v Line: 10
Info (286030): Timing-Driven Synthesis is running
Info (17049): 3 registers lost all their fanouts during netlist optimizations.
Info (16010): Generating hard_block partition "hard_block:auto_generated_inst"
    Info (16011): Adding 0 node(s), including 0 DDIO, 0 PLL, 0 transceiver and 0 LCELL
Warning (21074): Design contains 6 input pin(s) that do not drive logic
    Warning (15610): No output dependent on input pin "SW[4]" File: C:/Users/msi/Desktop/digital_system/calculator/calculator.v Line: 7
    Warning (15610): No output dependent on input pin "SW[5]" File: C:/Users/msi/Desktop/digital_system/calculator/calculator.v Line: 7
    Warning (15610): No output dependent on input pin "SW[6]" File: C:/Users/msi/Desktop/digital_system/calculator/calculator.v Line: 7
    Warning (15610): No output dependent on input pin "SW[7]" File: C:/Users/msi/Desktop/digital_system/calculator/calculator.v Line: 7
    Warning (15610): No output dependent on input pin "SW[8]" File: C:/Users/msi/Desktop/digital_system/calculator/calculator.v Line: 7
    Warning (15610): No output dependent on input pin "SW[9]" File: C:/Users/msi/Desktop/digital_system/calculator/calculator.v Line: 7
Info (21057): Implemented 119 device resources after synthesis - the final resource count might be different
    Info (21058): Implemented 19 input pins
    Info (21059): Implemented 26 output pins
    Info (21061): Implemented 74 logic cells
Info: Quartus Prime Analysis & Synthesis was successful. 0 errors, 33 warnings
    Info: Peak virtual memory: 4796 megabytes
    Info: Processing ended: Wed Dec 11 22:30:04 2019
    Info: Elapsed time: 00:00:22
    Info: Total CPU time (on all processors): 00:00:37


